2026-07-15 22:49:11.930 | INFO     | main:lifespan:14 - Starting up AgriSense AI Backend...
2026-07-15 22:49:11.930 | INFO     | ml.predictor:load_models:13 - Loading ML models into memory...
2026-07-15 22:49:13.020 | INFO     | ml.predictor:load_models:23 - ML models loaded successfully.
2026-07-15 22:49:53.977 | ERROR    | core.database:get_db:27 - Database session error: 401: Could not validate credentials
2026-07-15 22:49:53.980 | ERROR    | core.database:get_db:27 - Database session error: 401: Could not validate credentials
2026-07-15 22:50:26.437 | ERROR    | core.database:get_db:27 - Database session error: 502: Weather API error
2026-07-15 22:50:28.108 | ERROR    | core.database:get_db:27 - Database session error: 502: Weather API error
2026-07-15 22:54:25.888 | INFO     | main:lifespan:18 - Shutting down AgriSense AI Backend...
2026-07-15 22:54:29.399 | INFO     | main:lifespan:14 - Starting up AgriSense AI Backend...
2026-07-15 22:54:29.399 | INFO     | ml.predictor:load_models:13 - Loading ML models into memory...
2026-07-15 22:54:30.646 | INFO     | ml.predictor:load_models:23 - ML models loaded successfully.
2026-07-15 22:55:50.691 | INFO     | main:lifespan:18 - Shutting down AgriSense AI Backend...
2026-07-15 22:55:56.183 | INFO     | main:lifespan:14 - Starting up AgriSense AI Backend...
2026-07-15 22:55:56.183 | INFO     | ml.predictor:load_models:13 - Loading ML models into memory...
2026-07-15 22:55:57.599 | INFO     | ml.predictor:load_models:23 - ML models loaded successfully.
2026-07-15 22:59:33.154 | INFO     | main:lifespan:18 - Shutting down AgriSense AI Backend...
2026-07-15 22:59:35.675 | INFO     | main:lifespan:14 - Starting up AgriSense AI Backend...
2026-07-15 22:59:35.675 | INFO     | ml.predictor:load_models:13 - Loading ML models into memory...
2026-07-15 22:59:36.856 | INFO     | ml.predictor:load_models:23 - ML models loaded successfully.
2026-07-15 23:06:31.910 | INFO     | main:lifespan:18 - Shutting down AgriSense AI Backend...
2026-07-15 23:06:38.417 | INFO     | main:lifespan:14 - Starting up AgriSense AI Backend...
2026-07-15 23:06:38.417 | INFO     | ml.predictor:load_models:13 - Loading ML models into memory...
2026-07-15 23:06:39.481 | INFO     | ml.predictor:load_models:23 - ML models loaded successfully.
2026-07-15 23:06:52.251 | INFO     | main:lifespan:18 - Shutting down AgriSense AI Backend...
2026-07-15 23:07:10.001 | INFO     | main:lifespan:14 - Starting up AgriSense AI Backend...
2026-07-15 23:07:10.002 | INFO     | ml.predictor:load_models:13 - Loading ML models into memory...
2026-07-15 23:07:11.132 | INFO     | ml.predictor:load_models:23 - ML models loaded successfully.
2026-07-15 23:12:51.898 | INFO     | main:lifespan:18 - Shutting down AgriSense AI Backend...
2026-07-15 23:12:54.478 | INFO     | main:lifespan:14 - Starting up AgriSense AI Backend...
2026-07-15 23:12:54.478 | INFO     | ml.predictor:load_models:13 - Loading ML models into memory...
2026-07-15 23:12:55.668 | INFO     | ml.predictor:load_models:23 - ML models loaded successfully.
2026-07-15 23:12:58.496 | INFO     | main:lifespan:18 - Shutting down AgriSense AI Backend...
2026-07-15 23:13:01.084 | INFO     | main:lifespan:14 - Starting up AgriSense AI Backend...
2026-07-15 23:13:01.084 | INFO     | ml.predictor:load_models:13 - Loading ML models into memory...
2026-07-15 23:13:02.344 | INFO     | ml.predictor:load_models:23 - ML models loaded successfully.
2026-07-15 23:13:11.379 | INFO     | main:lifespan:18 - Shutting down AgriSense AI Backend...
2026-07-15 23:13:13.879 | INFO     | main:lifespan:14 - Starting up AgriSense AI Backend...
2026-07-15 23:13:13.879 | INFO     | ml.predictor:load_models:13 - Loading ML models into memory...
2026-07-15 23:13:15.075 | INFO     | ml.predictor:load_models:23 - ML models loaded successfully.
2026-07-15 23:20:16.455 | ERROR    | core.database:get_db:27 - Database session error: 401: Could not validate credentials
2026-07-15 23:20:16.456 | ERROR    | core.database:get_db:27 - Database session error: 401: Could not validate credentials
2026-07-15 23:20:28.101 | INFO     | main:lifespan:18 - Shutting down AgriSense AI Backend...
